// Jest Snapshot v1, https://goo.gl/fbAQLP

exports[`components -> CardList -> snapshots -> Should match snapshot 1`] = `
<div>
  <div
    class="c-hnDHzq"
  />
</div>
`;
