// Jest Snapshot v1, https://goo.gl/fbAQLP

exports[`components -> Text -> snapshots -> Should match snapshot 1`] = `
<div>
  <p
    class="c-caxBfD"
  >
    text
  </p>
</div>
`;
