// Jest Snapshot v1, https://goo.gl/fbAQLP

exports[`components -> Input -> snapshots -> Should match snapshot 1`] = `
<div>
  <input
    class="c-jyoysL"
  />
</div>
`;
