// Jest Snapshot v1, https://goo.gl/fbAQLP

exports[`components -> Button -> snapshots -> Should match snapshot 1`] = `
<div>
  <button
    class="c-gHLNgH"
  >
    test
  </button>
</div>
`;
