// Jest Snapshot v1, https://goo.gl/fbAQLP

exports[`components -> FullLoading -> snapshots -> Should match snapshot 1`] = `<div />`;
